---
source: crates/tui/tests/screens.rs
expression: "render(&mut app, 110, 12)"
---
"▀▀▀▀ SONDERA  trajectories                                                                   console  ■ ERROR "
"▀▀▀▀ filter all runs   0 of 0                                                                                 "
"┌RUNS────────────────────────────────────────────────────────────────────────────────────────────────────────┐"
"│  ■ ERROR  connection refused                                                                               │"
"│                                                                                                            │"
"│                                                                                                            │"
"│                                                                                                            │"
"│                                                                                                            │"
"└────────────────────────────────────────────────────────────────────────────────────────────────────────────┘"
"┌KEYS────────────────────────────────────────────────────────────────────────────────────────────────────────┐"
"│ <↑↓/jk> move   <enter> open   <i> inspect   </> filter   <r> refresh   <t> theme   <q> quit                │"
"└────────────────────────────────────────────────────────────────────────────────────────────────────────────┘"
